// Jest Snapshot v1, https://goo.gl/fbAQLP

exports[`<Item /> matches the snapshot 1`] = `
<ItemStyles__Item>
  <img
    alt="A big dog"
    src="/image.jpg"
  />
  <Title>
    <Link
      href={
        Object {
          "pathname": "/item",
          "query": Object {
            "id": "ABC123",
          },
        }
      }
    >
      <a>
        A big dog
      </a>
    </Link>
  </Title>
  <PriceTag>
    $100.01
  </PriceTag>
  <p>
    This dog is sooo big
  </p>
  <div
    className="buttonList"
  >
    <Link
      href={
        Object {
          "pathname": "/update",
          "query": Object {
            "id": "ABC123",
          },
        }
      }
    >
      <a>
        Edit ✎
      </a>
    </Link>
    <AddToCart
      id="ABC123"
    />
    <DeleteItem
      id="ABC123"
    >
      Delete This Item
    </DeleteItem>
  </div>
</ItemStyles__Item>
`;
